     1                                  ; Chapter 7, exercise 1
     2                                  ; Unsigned arithmetic
     3                                  ;
     4                                  ; bAns1 = bNum1 + bNum2
     5                                  ; bAns2 = bNum1 + bNum3
     6                                  ; bAns3 = bNum3 + bNum4
     7                                  
     8                                  DEFAULT REL
     9                                  
    10                                  ; *************************
    11                                  
    12                                  section     .data
    13                                  
    14                                  ; Constants
    15                                  SUCCESS     equ     0
    16                                  SYS_exit    equ     0x2000001
    17                                  
    18                                  ; Answers
    19 00000000 00                      bAns1       db      0
    20 00000001 00                      bAns2       db      0
    21 00000002 00                      bAns3       db      0
    22                                  
    23                                  ; Operands
    24 00000003 05                      bNum1       db      5
    25 00000004 0A                      bNum2       db      10
    26 00000005 0F                      bNum3       db      15
    27 00000006 14                      bNum4       db      20
    28                                  
    29                                  ; *************************
    30                                  
    31                                  section     .text
    32                                  global _start
    33                                  _start:
    34                                  
    35                                  ; -----
    36                                  ; bAns1 = bNum1 + bNum2
    37                                  
    38 00000000 8A05(03000000)              mov     al, [bNum1]
    39 00000006 0205(04000000)              add     al, [bNum2]
    40 0000000C 8805(00000000)              mov     [bAns1], al
    41                                  
    42                                  ; -----
    43                                  ; bAns2 = bNum1 + bNum3
    44                                  
    45 00000012 8A05(03000000)              mov     al, [bNum1]
    46 00000018 0205(05000000)              add     al, [bNum3]
    47 0000001E 8805(01000000)              mov     [bAns2], al
    48                                  
    49                                  ; -----
    50                                  ; bAns3 = bNum3 + bNum4
    51                                  
    52 00000024 8A05(05000000)              mov     al, [bNum3]
    53 0000002A 0205(06000000)              add     al, [bNum4]
    54 00000030 8805(02000000)              mov     [bAns3], al
    55                                  
    56                                  ; -----
    57                                  
    58                                  last:
    59 00000036 B801000002                  mov     rax, SYS_exit
    60 0000003B BF00000000                  mov     rdi, SUCCESS
    61 00000040 0F05                        syscall
